Archive member included because of file (symbol)

/usr/lib/gcc/avr/4.8.1/avr4/libgcc.a(_exit.o)
                              /usr/lib/gcc/avr/4.8.1/../../../avr/lib/avr4/crtm48.o (exit)
/usr/lib/gcc/avr/4.8.1/avr4/libgcc.a(_copy_data.o)
                              ece473_ohlmannm_lab5_atmega48.o (__do_copy_data)
/usr/lib/gcc/avr/4.8.1/avr4/libgcc.a(_clear_bss.o)
                              ece473_ohlmannm_lab5_atmega48.o (__do_clear_bss)
/usr/lib/gcc/avr/4.8.1/avr4/libgcc.a(_umulhisi3.o)
                              lm73_functions_skel.o (__umulhisi3)
/usr/lib/gcc/avr/4.8.1/../../../avr/lib/avr4/libm.a(addsf3.o)
                              lm73_functions_skel.o (__addsf3)
/usr/lib/gcc/avr/4.8.1/../../../avr/lib/avr4/libm.a(addsf3x.o)
                              /usr/lib/gcc/avr/4.8.1/../../../avr/lib/avr4/libm.a(addsf3.o) (__addsf3x)
/usr/lib/gcc/avr/4.8.1/../../../avr/lib/avr4/libm.a(fixunssfsi.o)
                              lm73_functions_skel.o (__fixunssfsi)
/usr/lib/gcc/avr/4.8.1/../../../avr/lib/avr4/libm.a(floatsisf.o)
                              lm73_functions_skel.o (__floatunsisf)
/usr/lib/gcc/avr/4.8.1/../../../avr/lib/avr4/libm.a(fp_inf.o)
                              /usr/lib/gcc/avr/4.8.1/../../../avr/lib/avr4/libm.a(addsf3x.o) (__fp_inf)
/usr/lib/gcc/avr/4.8.1/../../../avr/lib/avr4/libm.a(fp_nan.o)
                              /usr/lib/gcc/avr/4.8.1/../../../avr/lib/avr4/libm.a(addsf3x.o) (__fp_nan)
/usr/lib/gcc/avr/4.8.1/../../../avr/lib/avr4/libm.a(fp_pscA.o)
                              /usr/lib/gcc/avr/4.8.1/../../../avr/lib/avr4/libm.a(addsf3x.o) (__fp_pscA)
/usr/lib/gcc/avr/4.8.1/../../../avr/lib/avr4/libm.a(fp_pscB.o)
                              /usr/lib/gcc/avr/4.8.1/../../../avr/lib/avr4/libm.a(addsf3x.o) (__fp_pscB)
/usr/lib/gcc/avr/4.8.1/../../../avr/lib/avr4/libm.a(fp_round.o)
                              /usr/lib/gcc/avr/4.8.1/../../../avr/lib/avr4/libm.a(addsf3.o) (__fp_round)
/usr/lib/gcc/avr/4.8.1/../../../avr/lib/avr4/libm.a(fp_split3.o)
                              /usr/lib/gcc/avr/4.8.1/../../../avr/lib/avr4/libm.a(addsf3x.o) (__fp_split3)
/usr/lib/gcc/avr/4.8.1/../../../avr/lib/avr4/libm.a(fp_zero.o)
                              /usr/lib/gcc/avr/4.8.1/../../../avr/lib/avr4/libm.a(addsf3x.o) (__fp_zero)
/usr/lib/gcc/avr/4.8.1/../../../avr/lib/avr4/libm.a(mulsf3.o)
                              lm73_functions_skel.o (__mulsf3)
/usr/lib/gcc/avr/4.8.1/../../../avr/lib/avr4/libm.a(mulsf3x.o)
                              /usr/lib/gcc/avr/4.8.1/../../../avr/lib/avr4/libm.a(mulsf3.o) (__mulsf3x)

Allocating common symbols
Common symbol       size              file

uart_tx_buf         0x28              uart_functions.o
twi_state           0x1               twi_master.o
twi_buf             0x2               twi_master.o
lm73_wr_buf         0x2               lm73_functions_skel.o
lm73_temp           0x2               ece473_ohlmannm_lab5_atmega48.o
twi_bus_addr        0x1               twi_master.o
twi_msg_size        0x1               twi_master.o
lm73_rd_buf         0x2               lm73_functions_skel.o
uart_rx_buf         0x28              uart_functions.o

Memory Configuration

Name             Origin             Length             Attributes
text             0x0000000000000000 0x0000000000002000 xr
data             0x0000000000800060 0x000000000000ffa0 rw !x
eeprom           0x0000000000810000 0x0000000000010000 rw !x
fuse             0x0000000000820000 0x0000000000000400 rw !x
lock             0x0000000000830000 0x0000000000000400 rw !x
signature        0x0000000000840000 0x0000000000000400 rw !x
user_signatures  0x0000000000850000 0x0000000000000400 rw !x
*default*        0x0000000000000000 0xffffffffffffffff

Linker script and memory map

Address of section .data set to 0x800100
LOAD /usr/lib/gcc/avr/4.8.1/../../../avr/lib/avr4/crtm48.o
LOAD ece473_ohlmannm_lab5_atmega48.o
LOAD uart_functions.o
LOAD twi_master.o
LOAD lm73_functions_skel.o
START GROUP
LOAD /usr/lib/gcc/avr/4.8.1/avr4/libgcc.a
LOAD /usr/lib/gcc/avr/4.8.1/../../../avr/lib/avr4/libm.a
LOAD /usr/lib/gcc/avr/4.8.1/../../../avr/lib/avr4/libc.a
END GROUP

.hash
 *(.hash)

.dynsym
 *(.dynsym)

.dynstr
 *(.dynstr)

.gnu.version
 *(.gnu.version)

.gnu.version_d
 *(.gnu.version_d)

.gnu.version_r
 *(.gnu.version_r)

.rel.init
 *(.rel.init)

.rela.init
 *(.rela.init)

.rel.text
 *(.rel.text)
 *(.rel.text.*)
 *(.rel.gnu.linkonce.t*)

.rela.text
 *(.rela.text)
 *(.rela.text.*)
 *(.rela.gnu.linkonce.t*)

.rel.fini
 *(.rel.fini)

.rela.fini
 *(.rela.fini)

.rel.rodata
 *(.rel.rodata)
 *(.rel.rodata.*)
 *(.rel.gnu.linkonce.r*)

.rela.rodata
 *(.rela.rodata)
 *(.rela.rodata.*)
 *(.rela.gnu.linkonce.r*)

.rel.data
 *(.rel.data)
 *(.rel.data.*)
 *(.rel.gnu.linkonce.d*)

.rela.data
 *(.rela.data)
 *(.rela.data.*)
 *(.rela.gnu.linkonce.d*)

.rel.ctors
 *(.rel.ctors)

.rela.ctors
 *(.rela.ctors)

.rel.dtors
 *(.rel.dtors)

.rela.dtors
 *(.rela.dtors)

.rel.got
 *(.rel.got)

.rela.got
 *(.rela.got)

.rel.bss
 *(.rel.bss)

.rela.bss
 *(.rela.bss)

.rel.plt
 *(.rel.plt)

.rela.plt
 *(.rela.plt)

.text           0x0000000000000000      0x922
 *(.vectors)
 .vectors       0x0000000000000000       0x34 /usr/lib/gcc/avr/4.8.1/../../../avr/lib/avr4/crtm48.o
                0x0000000000000000                __vectors
                0x0000000000000000                __vector_default
 *(.vectors)
 *(.progmem.gcc*)
 .progmem.gcc_sw_table
                0x0000000000000034       0xa2 twi_master.o
                0x00000000000000d6                . = ALIGN (0x2)
                0x00000000000000d6                __trampolines_start = .
 *(.trampolines)
 .trampolines   0x00000000000000d6        0x0 linker stubs
 *(.trampolines*)
                0x00000000000000d6                __trampolines_end = .
 *(.progmem*)
                0x00000000000000d6                . = ALIGN (0x2)
 *(.jumptables)
 *(.jumptables*)
 *(.lowtext)
 *(.lowtext*)
                0x00000000000000d6                __ctors_start = .
 *(.ctors)
                0x00000000000000d6                __ctors_end = .
                0x00000000000000d6                __dtors_start = .
 *(.dtors)
                0x00000000000000d6                __dtors_end = .
 SORT(*)(.ctors)
 SORT(*)(.dtors)
 *(.init0)
 .init0         0x00000000000000d6        0x0 /usr/lib/gcc/avr/4.8.1/../../../avr/lib/avr4/crtm48.o
                0x00000000000000d6                __init
 *(.init0)
 *(.init1)
 *(.init1)
 *(.init2)
 .init2         0x00000000000000d6        0xc /usr/lib/gcc/avr/4.8.1/../../../avr/lib/avr4/crtm48.o
 *(.init2)
 *(.init3)
 *(.init3)
 *(.init4)
 .init4         0x00000000000000e2       0x16 /usr/lib/gcc/avr/4.8.1/avr4/libgcc.a(_copy_data.o)
                0x00000000000000e2                __do_copy_data
 .init4         0x00000000000000f8       0x10 /usr/lib/gcc/avr/4.8.1/avr4/libgcc.a(_clear_bss.o)
                0x00000000000000f8                __do_clear_bss
 *(.init4)
 *(.init5)
 *(.init5)
 *(.init6)
 *(.init6)
 *(.init7)
 *(.init7)
 *(.init8)
 *(.init8)
 *(.init9)
 .init9         0x0000000000000108        0x4 /usr/lib/gcc/avr/4.8.1/../../../avr/lib/avr4/crtm48.o
 *(.init9)
 *(.text)
 .text          0x000000000000010c        0x2 /usr/lib/gcc/avr/4.8.1/../../../avr/lib/avr4/crtm48.o
                0x000000000000010c                __vector_22
                0x000000000000010c                __vector_1
                0x000000000000010c                __vector_12
                0x000000000000010c                __bad_interrupt
                0x000000000000010c                __vector_6
                0x000000000000010c                __vector_3
                0x000000000000010c                __vector_23
                0x000000000000010c                __vector_25
                0x000000000000010c                __vector_11
                0x000000000000010c                __vector_13
                0x000000000000010c                __vector_17
                0x000000000000010c                __vector_19
                0x000000000000010c                __vector_7
                0x000000000000010c                __vector_5
                0x000000000000010c                __vector_4
                0x000000000000010c                __vector_9
                0x000000000000010c                __vector_2
                0x000000000000010c                __vector_21
                0x000000000000010c                __vector_15
                0x000000000000010c                __vector_8
                0x000000000000010c                __vector_14
                0x000000000000010c                __vector_10
                0x000000000000010c                __vector_16
                0x000000000000010c                __vector_18
                0x000000000000010c                __vector_20
 .text          0x000000000000010e        0x0 ece473_ohlmannm_lab5_atmega48.o
 .text          0x000000000000010e       0xaa uart_functions.o
                0x000000000000010e                uart_putc
                0x0000000000000124                uart_puts
                0x000000000000014a                uart_puts_p
                0x000000000000017a                uart_init
                0x000000000000019a                uart_getc
 .text          0x00000000000001b8      0x170 twi_master.o
                0x00000000000001b8                __vector_24
                0x00000000000002ca                twi_busy
                0x00000000000002d2                twi_start_wr
                0x00000000000002f4                twi_start_rd
                0x0000000000000316                init_twi
 .text          0x0000000000000328      0x24c lm73_functions_skel.o
                0x0000000000000328                int_to_char
                0x000000000000033c                lm73_temp_convert
 .text          0x0000000000000574        0x0 /usr/lib/gcc/avr/4.8.1/avr4/libgcc.a(_exit.o)
 .text          0x0000000000000574        0x0 /usr/lib/gcc/avr/4.8.1/avr4/libgcc.a(_copy_data.o)
 .text          0x0000000000000574        0x0 /usr/lib/gcc/avr/4.8.1/avr4/libgcc.a(_clear_bss.o)
 .text          0x0000000000000574        0x0 /usr/lib/gcc/avr/4.8.1/avr4/libgcc.a(_umulhisi3.o)
 .text          0x0000000000000574        0x0 /usr/lib/gcc/avr/4.8.1/../../../avr/lib/avr4/libm.a(addsf3.o)
 .text          0x0000000000000574        0x0 /usr/lib/gcc/avr/4.8.1/../../../avr/lib/avr4/libm.a(addsf3x.o)
 .text          0x0000000000000574        0x0 /usr/lib/gcc/avr/4.8.1/../../../avr/lib/avr4/libm.a(fixunssfsi.o)
 .text          0x0000000000000574        0x0 /usr/lib/gcc/avr/4.8.1/../../../avr/lib/avr4/libm.a(floatsisf.o)
 .text          0x0000000000000574        0x0 /usr/lib/gcc/avr/4.8.1/../../../avr/lib/avr4/libm.a(fp_inf.o)
 .text          0x0000000000000574        0x0 /usr/lib/gcc/avr/4.8.1/../../../avr/lib/avr4/libm.a(fp_nan.o)
 .text          0x0000000000000574        0x0 /usr/lib/gcc/avr/4.8.1/../../../avr/lib/avr4/libm.a(fp_pscA.o)
 .text          0x0000000000000574        0x0 /usr/lib/gcc/avr/4.8.1/../../../avr/lib/avr4/libm.a(fp_pscB.o)
 .text          0x0000000000000574        0x0 /usr/lib/gcc/avr/4.8.1/../../../avr/lib/avr4/libm.a(fp_round.o)
 .text          0x0000000000000574        0x0 /usr/lib/gcc/avr/4.8.1/../../../avr/lib/avr4/libm.a(fp_split3.o)
 .text          0x0000000000000574        0x0 /usr/lib/gcc/avr/4.8.1/../../../avr/lib/avr4/libm.a(fp_zero.o)
 .text          0x0000000000000574        0x0 /usr/lib/gcc/avr/4.8.1/../../../avr/lib/avr4/libm.a(mulsf3.o)
 .text          0x0000000000000574        0x0 /usr/lib/gcc/avr/4.8.1/../../../avr/lib/avr4/libm.a(mulsf3x.o)
                0x0000000000000574                . = ALIGN (0x2)
 *(.text.*)
 .text.startup  0x0000000000000574       0x8e ece473_ohlmannm_lab5_atmega48.o
                0x0000000000000574                main
 .text.libgcc.mul
                0x0000000000000602        0x0 /usr/lib/gcc/avr/4.8.1/avr4/libgcc.a(_exit.o)
 .text.libgcc.div
                0x0000000000000602        0x0 /usr/lib/gcc/avr/4.8.1/avr4/libgcc.a(_exit.o)
 .text.libgcc   0x0000000000000602        0x0 /usr/lib/gcc/avr/4.8.1/avr4/libgcc.a(_exit.o)
 .text.libgcc.prologue
                0x0000000000000602        0x0 /usr/lib/gcc/avr/4.8.1/avr4/libgcc.a(_exit.o)
 .text.libgcc.builtins
                0x0000000000000602        0x0 /usr/lib/gcc/avr/4.8.1/avr4/libgcc.a(_exit.o)
 .text.libgcc.fmul
                0x0000000000000602        0x0 /usr/lib/gcc/avr/4.8.1/avr4/libgcc.a(_exit.o)
 .text.libgcc.fixed
                0x0000000000000602        0x0 /usr/lib/gcc/avr/4.8.1/avr4/libgcc.a(_exit.o)
 .text.libgcc.mul
                0x0000000000000602        0x0 /usr/lib/gcc/avr/4.8.1/avr4/libgcc.a(_copy_data.o)
 .text.libgcc.div
                0x0000000000000602        0x0 /usr/lib/gcc/avr/4.8.1/avr4/libgcc.a(_copy_data.o)
 .text.libgcc   0x0000000000000602        0x0 /usr/lib/gcc/avr/4.8.1/avr4/libgcc.a(_copy_data.o)
 .text.libgcc.prologue
                0x0000000000000602        0x0 /usr/lib/gcc/avr/4.8.1/avr4/libgcc.a(_copy_data.o)
 .text.libgcc.builtins
                0x0000000000000602        0x0 /usr/lib/gcc/avr/4.8.1/avr4/libgcc.a(_copy_data.o)
 .text.libgcc.fmul
                0x0000000000000602        0x0 /usr/lib/gcc/avr/4.8.1/avr4/libgcc.a(_copy_data.o)
 .text.libgcc.fixed
                0x0000000000000602        0x0 /usr/lib/gcc/avr/4.8.1/avr4/libgcc.a(_copy_data.o)
 .text.libgcc.mul
                0x0000000000000602        0x0 /usr/lib/gcc/avr/4.8.1/avr4/libgcc.a(_clear_bss.o)
 .text.libgcc.div
                0x0000000000000602        0x0 /usr/lib/gcc/avr/4.8.1/avr4/libgcc.a(_clear_bss.o)
 .text.libgcc   0x0000000000000602        0x0 /usr/lib/gcc/avr/4.8.1/avr4/libgcc.a(_clear_bss.o)
 .text.libgcc.prologue
                0x0000000000000602        0x0 /usr/lib/gcc/avr/4.8.1/avr4/libgcc.a(_clear_bss.o)
 .text.libgcc.builtins
                0x0000000000000602        0x0 /usr/lib/gcc/avr/4.8.1/avr4/libgcc.a(_clear_bss.o)
 .text.libgcc.fmul
                0x0000000000000602        0x0 /usr/lib/gcc/avr/4.8.1/avr4/libgcc.a(_clear_bss.o)
 .text.libgcc.fixed
                0x0000000000000602        0x0 /usr/lib/gcc/avr/4.8.1/avr4/libgcc.a(_clear_bss.o)
 .text.libgcc.mul
                0x0000000000000602       0x18 /usr/lib/gcc/avr/4.8.1/avr4/libgcc.a(_umulhisi3.o)
                0x0000000000000602                __umulhisi3
 .text.libgcc.div
                0x000000000000061a        0x0 /usr/lib/gcc/avr/4.8.1/avr4/libgcc.a(_umulhisi3.o)
 .text.libgcc   0x000000000000061a        0x0 /usr/lib/gcc/avr/4.8.1/avr4/libgcc.a(_umulhisi3.o)
 .text.libgcc.prologue
                0x000000000000061a        0x0 /usr/lib/gcc/avr/4.8.1/avr4/libgcc.a(_umulhisi3.o)
 .text.libgcc.builtins
                0x000000000000061a        0x0 /usr/lib/gcc/avr/4.8.1/avr4/libgcc.a(_umulhisi3.o)
 .text.libgcc.fmul
                0x000000000000061a        0x0 /usr/lib/gcc/avr/4.8.1/avr4/libgcc.a(_umulhisi3.o)
 .text.libgcc.fixed
                0x000000000000061a        0x0 /usr/lib/gcc/avr/4.8.1/avr4/libgcc.a(_umulhisi3.o)
 .text.avr-libc.fplib
                0x000000000000061a        0xa /usr/lib/gcc/avr/4.8.1/../../../avr/lib/avr4/libm.a(addsf3.o)
                0x000000000000061a                __subsf3
                0x000000000000061c                __addsf3
 .text.avr-libc.fplib
                0x0000000000000624       0xc0 /usr/lib/gcc/avr/4.8.1/../../../avr/lib/avr4/libm.a(addsf3x.o)
                0x000000000000063e                __addsf3x
 .text.avr-libc.fplib
                0x00000000000006e4       0x58 /usr/lib/gcc/avr/4.8.1/../../../avr/lib/avr4/libm.a(fixunssfsi.o)
                0x00000000000006e4                __fixunssfsi
 .text.avr-libc.fplib
                0x000000000000073c       0x7a /usr/lib/gcc/avr/4.8.1/../../../avr/lib/avr4/libm.a(floatsisf.o)
                0x000000000000073c                __floatunsisf
                0x0000000000000740                __floatsisf
 .text.avr-libc.fplib
                0x00000000000007b6        0xc /usr/lib/gcc/avr/4.8.1/../../../avr/lib/avr4/libm.a(fp_inf.o)
                0x00000000000007b6                __fp_inf
 .text.avr-libc.fplib
                0x00000000000007c2        0x6 /usr/lib/gcc/avr/4.8.1/../../../avr/lib/avr4/libm.a(fp_nan.o)
                0x00000000000007c2                __fp_nan
 .text.avr-libc.fplib
                0x00000000000007c8        0xe /usr/lib/gcc/avr/4.8.1/../../../avr/lib/avr4/libm.a(fp_pscA.o)
                0x00000000000007c8                __fp_pscA
 .text.avr-libc.fplib
                0x00000000000007d6        0xe /usr/lib/gcc/avr/4.8.1/../../../avr/lib/avr4/libm.a(fp_pscB.o)
                0x00000000000007d6                __fp_pscB
 .text.avr-libc.fplib
                0x00000000000007e4       0x22 /usr/lib/gcc/avr/4.8.1/../../../avr/lib/avr4/libm.a(fp_round.o)
                0x00000000000007e4                __fp_round
 .text.avr-libc.fplib
                0x0000000000000806       0x44 /usr/lib/gcc/avr/4.8.1/../../../avr/lib/avr4/libm.a(fp_split3.o)
                0x0000000000000806                __fp_split3
                0x0000000000000816                __fp_splitA
 .text.avr-libc.fplib
                0x000000000000084a        0xe /usr/lib/gcc/avr/4.8.1/../../../avr/lib/avr4/libm.a(fp_zero.o)
                0x000000000000084a                __fp_zero
                0x000000000000084c                __fp_szero
 .text.avr-libc.fplib
                0x0000000000000858        0x4 /usr/lib/gcc/avr/4.8.1/../../../avr/lib/avr4/libm.a(mulsf3.o)
                0x0000000000000858                __mulsf3
 .text.avr-libc.fplib
                0x000000000000085c       0xc2 /usr/lib/gcc/avr/4.8.1/../../../avr/lib/avr4/libm.a(mulsf3x.o)
                0x0000000000000870                __mulsf3x
                0x0000000000000874                __mulsf3_pse
                0x000000000000091e                . = ALIGN (0x2)
 *(.fini9)
 .fini9         0x000000000000091e        0x0 /usr/lib/gcc/avr/4.8.1/avr4/libgcc.a(_exit.o)
                0x000000000000091e                exit
                0x000000000000091e                _exit
 *(.fini9)
 *(.fini8)
 *(.fini8)
 *(.fini7)
 *(.fini7)
 *(.fini6)
 *(.fini6)
 *(.fini5)
 *(.fini5)
 *(.fini4)
 *(.fini4)
 *(.fini3)
 *(.fini3)
 *(.fini2)
 *(.fini2)
 *(.fini1)
 *(.fini1)
 *(.fini0)
 .fini0         0x000000000000091e        0x4 /usr/lib/gcc/avr/4.8.1/avr4/libgcc.a(_exit.o)
 *(.fini0)
                0x0000000000000922                _etext = .

.data           0x0000000000800100       0x10 load address 0x0000000000000922
                0x0000000000800100                PROVIDE (__data_start, .)
 *(.data)
 .data          0x0000000000800100        0x0 /usr/lib/gcc/avr/4.8.1/../../../avr/lib/avr4/crtm48.o
 .data          0x0000000000800100        0x6 ece473_ohlmannm_lab5_atmega48.o
                0x0000000000800100                temp
 .data          0x0000000000800106        0x0 uart_functions.o
 .data          0x0000000000800106        0x0 twi_master.o
 .data          0x0000000000800106        0x0 lm73_functions_skel.o
 .data          0x0000000000800106        0x0 /usr/lib/gcc/avr/4.8.1/avr4/libgcc.a(_exit.o)
 .data          0x0000000000800106        0x0 /usr/lib/gcc/avr/4.8.1/avr4/libgcc.a(_copy_data.o)
 .data          0x0000000000800106        0x0 /usr/lib/gcc/avr/4.8.1/avr4/libgcc.a(_clear_bss.o)
 .data          0x0000000000800106        0x0 /usr/lib/gcc/avr/4.8.1/avr4/libgcc.a(_umulhisi3.o)
 .data          0x0000000000800106        0x0 /usr/lib/gcc/avr/4.8.1/../../../avr/lib/avr4/libm.a(addsf3.o)
 .data          0x0000000000800106        0x0 /usr/lib/gcc/avr/4.8.1/../../../avr/lib/avr4/libm.a(addsf3x.o)
 .data          0x0000000000800106        0x0 /usr/lib/gcc/avr/4.8.1/../../../avr/lib/avr4/libm.a(fixunssfsi.o)
 .data          0x0000000000800106        0x0 /usr/lib/gcc/avr/4.8.1/../../../avr/lib/avr4/libm.a(floatsisf.o)
 .data          0x0000000000800106        0x0 /usr/lib/gcc/avr/4.8.1/../../../avr/lib/avr4/libm.a(fp_inf.o)
 .data          0x0000000000800106        0x0 /usr/lib/gcc/avr/4.8.1/../../../avr/lib/avr4/libm.a(fp_nan.o)
 .data          0x0000000000800106        0x0 /usr/lib/gcc/avr/4.8.1/../../../avr/lib/avr4/libm.a(fp_pscA.o)
 .data          0x0000000000800106        0x0 /usr/lib/gcc/avr/4.8.1/../../../avr/lib/avr4/libm.a(fp_pscB.o)
 .data          0x0000000000800106        0x0 /usr/lib/gcc/avr/4.8.1/../../../avr/lib/avr4/libm.a(fp_round.o)
 .data          0x0000000000800106        0x0 /usr/lib/gcc/avr/4.8.1/../../../avr/lib/avr4/libm.a(fp_split3.o)
 .data          0x0000000000800106        0x0 /usr/lib/gcc/avr/4.8.1/../../../avr/lib/avr4/libm.a(fp_zero.o)
 .data          0x0000000000800106        0x0 /usr/lib/gcc/avr/4.8.1/../../../avr/lib/avr4/libm.a(mulsf3.o)
 .data          0x0000000000800106        0x0 /usr/lib/gcc/avr/4.8.1/../../../avr/lib/avr4/libm.a(mulsf3x.o)
 *(.data*)
 *(.rodata)
 .rodata        0x0000000000800106        0xa lm73_functions_skel.o
 *(.rodata*)
 *(.gnu.linkonce.d*)
                0x0000000000800110                . = ALIGN (0x2)
                0x0000000000800110                _edata = .
                0x0000000000800110                PROVIDE (__data_end, .)

.bss            0x0000000000800110       0x5c
                0x0000000000800110                PROVIDE (__bss_start, .)
 *(.bss)
 .bss           0x0000000000800110        0x0 /usr/lib/gcc/avr/4.8.1/../../../avr/lib/avr4/crtm48.o
 .bss           0x0000000000800110        0x0 ece473_ohlmannm_lab5_atmega48.o
 .bss           0x0000000000800110        0x0 uart_functions.o
 .bss           0x0000000000800110        0x1 twi_master.o
 .bss           0x0000000000800111        0x0 lm73_functions_skel.o
 .bss           0x0000000000800111        0x0 /usr/lib/gcc/avr/4.8.1/avr4/libgcc.a(_exit.o)
 .bss           0x0000000000800111        0x0 /usr/lib/gcc/avr/4.8.1/avr4/libgcc.a(_copy_data.o)
 .bss           0x0000000000800111        0x0 /usr/lib/gcc/avr/4.8.1/avr4/libgcc.a(_clear_bss.o)
 .bss           0x0000000000800111        0x0 /usr/lib/gcc/avr/4.8.1/avr4/libgcc.a(_umulhisi3.o)
 .bss           0x0000000000800111        0x0 /usr/lib/gcc/avr/4.8.1/../../../avr/lib/avr4/libm.a(addsf3.o)
 .bss           0x0000000000800111        0x0 /usr/lib/gcc/avr/4.8.1/../../../avr/lib/avr4/libm.a(addsf3x.o)
 .bss           0x0000000000800111        0x0 /usr/lib/gcc/avr/4.8.1/../../../avr/lib/avr4/libm.a(fixunssfsi.o)
 .bss           0x0000000000800111        0x0 /usr/lib/gcc/avr/4.8.1/../../../avr/lib/avr4/libm.a(floatsisf.o)
 .bss           0x0000000000800111        0x0 /usr/lib/gcc/avr/4.8.1/../../../avr/lib/avr4/libm.a(fp_inf.o)
 .bss           0x0000000000800111        0x0 /usr/lib/gcc/avr/4.8.1/../../../avr/lib/avr4/libm.a(fp_nan.o)
 .bss           0x0000000000800111        0x0 /usr/lib/gcc/avr/4.8.1/../../../avr/lib/avr4/libm.a(fp_pscA.o)
 .bss           0x0000000000800111        0x0 /usr/lib/gcc/avr/4.8.1/../../../avr/lib/avr4/libm.a(fp_pscB.o)
 .bss           0x0000000000800111        0x0 /usr/lib/gcc/avr/4.8.1/../../../avr/lib/avr4/libm.a(fp_round.o)
 .bss           0x0000000000800111        0x0 /usr/lib/gcc/avr/4.8.1/../../../avr/lib/avr4/libm.a(fp_split3.o)
 .bss           0x0000000000800111        0x0 /usr/lib/gcc/avr/4.8.1/../../../avr/lib/avr4/libm.a(fp_zero.o)
 .bss           0x0000000000800111        0x0 /usr/lib/gcc/avr/4.8.1/../../../avr/lib/avr4/libm.a(mulsf3.o)
 .bss           0x0000000000800111        0x0 /usr/lib/gcc/avr/4.8.1/../../../avr/lib/avr4/libm.a(mulsf3x.o)
 *(.bss*)
 *(COMMON)
 COMMON         0x0000000000800111        0x2 ece473_ohlmannm_lab5_atmega48.o
                0x0000000000800111                lm73_temp
 COMMON         0x0000000000800113       0x50 uart_functions.o
                0x0000000000800113                uart_tx_buf
                0x000000000080013b                uart_rx_buf
 COMMON         0x0000000000800163        0x5 twi_master.o
                0x0000000000800163                twi_state
                0x0000000000800164                twi_buf
                0x0000000000800166                twi_bus_addr
                0x0000000000800167                twi_msg_size
 COMMON         0x0000000000800168        0x4 lm73_functions_skel.o
                0x0000000000800168                lm73_wr_buf
                0x000000000080016a                lm73_rd_buf
                0x000000000080016c                PROVIDE (__bss_end, .)
                0x0000000000000922                __data_load_start = LOADADDR (.data)
                0x0000000000000932                __data_load_end = (__data_load_start + SIZEOF (.data))

.noinit         0x000000000080016c        0x0
                0x000000000080016c                PROVIDE (__noinit_start, .)
 *(.noinit*)
                0x000000000080016c                PROVIDE (__noinit_end, .)
                0x000000000080016c                _end = .
                0x000000000080016c                PROVIDE (__heap_start, .)

.eeprom         0x0000000000810000        0x0
 *(.eeprom*)
                0x0000000000810000                __eeprom_end = .

.fuse
 *(.fuse)
 *(.lfuse)
 *(.hfuse)
 *(.efuse)

.lock
 *(.lock*)

.signature
 *(.signature*)

.user_signatures
 *(.user_signatures*)

.stab           0x0000000000000000     0x1770
 *(.stab)
 .stab          0x0000000000000000      0x5c4 ece473_ohlmannm_lab5_atmega48.o
 .stab          0x00000000000005c4      0x624 uart_functions.o
                                        0x7ec (size before relaxing)
 .stab          0x0000000000000be8      0x660 twi_master.o
                                        0x87c (size before relaxing)
 .stab          0x0000000000001248      0x528 lm73_functions_skel.o
                                        0x6f0 (size before relaxing)

.stabstr        0x0000000000000000     0x1092
 *(.stabstr)
 .stabstr       0x0000000000000000     0x1092 ece473_ohlmannm_lab5_atmega48.o

.stab.excl
 *(.stab.excl)

.stab.exclstr
 *(.stab.exclstr)

.stab.index
 *(.stab.index)

.stab.indexstr
 *(.stab.indexstr)

.comment        0x0000000000000000       0x11
 *(.comment)
 .comment       0x0000000000000000       0x11 ece473_ohlmannm_lab5_atmega48.o
                                         0x12 (size before relaxing)
 .comment       0x0000000000000000       0x12 uart_functions.o
 .comment       0x0000000000000000       0x12 twi_master.o
 .comment       0x0000000000000000       0x12 lm73_functions_skel.o

.note.gnu.build-id
 *(.note.gnu.build-id)

.debug
 *(.debug)

.line
 *(.line)

.debug_srcinfo
 *(.debug_srcinfo)

.debug_sfnames
 *(.debug_sfnames)

.debug_aranges
 *(.debug_aranges)

.debug_pubnames
 *(.debug_pubnames)

.debug_info
 *(.debug_info .gnu.linkonce.wi.*)

.debug_abbrev
 *(.debug_abbrev)

.debug_line
 *(.debug_line .debug_line.* .debug_line_end)

.debug_frame
 *(.debug_frame)

.debug_str
 *(.debug_str)

.debug_loc
 *(.debug_loc)

.debug_macinfo
 *(.debug_macinfo)

.debug_weaknames
 *(.debug_weaknames)

.debug_funcnames
 *(.debug_funcnames)

.debug_typenames
 *(.debug_typenames)

.debug_varnames
 *(.debug_varnames)

.debug_pubtypes
 *(.debug_pubtypes)

.debug_ranges
 *(.debug_ranges)

.debug_macro
 *(.debug_macro)
OUTPUT(ece473_ohlmannm_lab5_atmega48.elf elf32-avr)
LOAD linker stubs
